# column   1     --> step : The current simulation time step.
# column   2     --> time{picosecond} : The elapsed simulation time.
# column   3     --> conserved{electronvolt} : The value of the conserved energy quantity per bead.
# column   4     --> temperature{kelvin} : The current temperature, as obtained from the MD kinetic energy.
# column   5     --> kinetic_cv{electronvolt} : The centroid-virial quantum kinetic energy of the physical system.
# column   6     --> potential{electronvolt} : The physical system potential energy.
# column   7     --> pressure_cv{megapascal} : The quantum estimator for pressure of the physical system.
    0.00000000e+00     0.00000000e+00     1.37151952e+02     2.94501424e+02     2.49606489e+01    -5.99126196e+01    -7.55698361e+02   
    2.00000000e+00     1.00000000e-03     1.37714609e+02     2.81018187e+02     4.25183669e+01    -5.07328893e+01    -3.69368543e+02   
    4.00000000e+00     2.00000000e-03     1.38143725e+02     2.31892124e+02     6.28846447e+01    -4.16414532e+01    -4.25266942e+02   
    6.00000000e+00     3.00000000e-03     1.37930024e+02     2.65824012e+02     6.26553778e+01    -4.63889580e+01    -9.80875070e+02   
    8.00000000e+00     4.00000000e-03     1.37975172e+02     3.32417818e+02     6.23684949e+01    -4.56566747e+01    -5.42867608e+02   
    1.00000000e+01     5.00000000e-03     1.38418584e+02     3.53171953e+02     6.96813364e+01    -3.56587047e+01     5.03428994e+02   
