# column   1     --> step : The current simulation time step.
# column   2     --> conserved : The value of the conserved energy quantity per bead.
    0.00000000e+00     6.35780316e-03   
    1.00000000e+00     6.35782751e-03   
    2.00000000e+00     6.35789994e-03   
    3.00000000e+00     6.35801855e-03   
    4.00000000e+00     6.35818025e-03   
    5.00000000e+00     6.35838083e-03   
    6.00000000e+00     6.35861506e-03   
    7.00000000e+00     6.35887685e-03   
    8.00000000e+00     6.35915938e-03   
    9.00000000e+00     6.35945529e-03   
