# column   1     --> step : The current simulation time step.
# column   2     --> potential{electronvolt} : The physical system potential energy.
    0.00000000e+00     6.50582787e-01   
    1.00000000e+00     6.50582787e-01   
    2.00000000e+00     6.50582787e-01   
    3.00000000e+00     6.50582787e-01   
    4.00000000e+00     6.50582787e-01   
    5.00000000e+00     6.50582787e-01   
    6.00000000e+00     6.50582787e-01   
    7.00000000e+00     6.50582787e-01   
    8.00000000e+00     6.50582787e-01   
    9.00000000e+00     6.50582787e-01   
    1.00000000e+01     6.50582787e-01   
    1.10000000e+01     6.50582787e-01   
    1.20000000e+01     6.50582787e-01   
    1.30000000e+01     6.50582787e-01   
    1.40000000e+01     6.50582787e-01   
    1.50000000e+01     6.50582787e-01   
    1.60000000e+01     6.50582787e-01   
    1.70000000e+01     6.50582787e-01   
    1.80000000e+01     6.50582787e-01   
